// Jest Snapshot v1, https://goo.gl/fbAQLP

exports[`Home renders the seo component properly 1`] = `null`;
