// Jest Snapshot v1, https://goo.gl/fbAQLP

exports[`Analytics Head component renders an analytics head when an env var is passed in 1`] = `
<script
  dangerouslySetInnerHTML={
    {
      "__html": "
                  window.dataLayer = window.dataLayer || [];
                  function gtag(){dataLayer.push(arguments);}
                  gtag('js', new Date());
                  gtag('config', 'undefined', {
                    page_path: window.location.pathname,
                  });
                ",
    }
  }
/>
`;

exports[`Analytics Head component renders npthing when no env var is passed in  1`] = `null`;
