// Jest Snapshot v1, https://goo.gl/fbAQLP

exports[`Navigation for the sidebar renders the navigation section as expected 1`] = `
<nav
  className="lg:text-sm lg:leading-6 relative"
>
  <div
    className="sticky top-0 -ml-0.5 pointer-events-none"
  >
    <div
      className="h-10 bg-white dark:bg-slate-900"
    />
    <div
      className="bg-white dark:bg-slate-900 relative pointer-events-auto"
    />
    <div
      className="h-8 bg-gradient-to-b from-white dark:from-slate-900"
    />
  </div>
  <ul>
    <li
      className="mt-12 lg:mt-8"
    >
      <h5
        className="mb-8 lg:mb-3 font-semibold text-slate-900 dark:text-slate-200"
      >
        Prologue
      </h5>
      <ul
        className="space-y-6 lg:space-y-2 border-l border-slate-100 dark:border-slate-800"
      >
        <li>
          <a
            className="block border-l pl-4 -ml-px border-transparent hover:border-slate-400 dark:hover:border-slate-500"
            href="/docs/release-notes"
            onClick={[Function]}
            onMouseEnter={[Function]}
            onTouchStart={[Function]}
          >
            Release Notes
          </a>
        </li>
        <li>
          <a
            className="block border-l pl-4 -ml-px border-transparent hover:border-slate-400 dark:hover:border-slate-500"
            href="/docs/upgrade"
            onClick={[Function]}
            onMouseEnter={[Function]}
            onTouchStart={[Function]}
          >
            Upgrade Guide
          </a>
        </li>
      </ul>
    </li>
    <li
      className="mt-12 lg:mt-8"
    >
      <h5
        className="mb-8 lg:mb-3 font-semibold text-slate-900 dark:text-slate-200"
      >
        Getting Started
      </h5>
      <ul
        className="space-y-6 lg:space-y-2 border-l border-slate-100 dark:border-slate-800"
      >
        <li>
          <a
            className="block border-l pl-4 -ml-px border-transparent hover:border-slate-400 dark:hover:border-slate-500"
            href="/docs/installation"
            onClick={[Function]}
            onMouseEnter={[Function]}
            onTouchStart={[Function]}
          >
            Installation
          </a>
        </li>
        <li>
          <a
            className="block border-l pl-4 -ml-px border-transparent hover:border-slate-400 dark:hover:border-slate-500"
            href="/docs/configuration"
            onClick={[Function]}
            onMouseEnter={[Function]}
            onTouchStart={[Function]}
          >
            Configuration
          </a>
        </li>
        <li>
          <a
            className="block border-l pl-4 -ml-px border-transparent hover:border-slate-400 dark:hover:border-slate-500"
            href="/docs/deployment"
            onClick={[Function]}
            onMouseEnter={[Function]}
            onTouchStart={[Function]}
          >
            Deployment
          </a>
        </li>
      </ul>
    </li>
    <li
      className="mt-12 lg:mt-8"
    >
      <h5
        className="mb-8 lg:mb-3 font-semibold text-slate-900 dark:text-slate-200"
      >
        Elegant CMS
      </h5>
      <ul
        className="space-y-6 lg:space-y-2 border-l border-slate-100 dark:border-slate-800"
      >
        <li>
          <a
            className="block border-l pl-4 -ml-px border-transparent hover:border-slate-400 dark:hover:border-slate-500"
            href="/docs/getting-started-with-elegant-cms"
            onClick={[Function]}
            onMouseEnter={[Function]}
            onTouchStart={[Function]}
          >
            Getting Started
          </a>
        </li>
        <li>
          <a
            className="block border-l pl-4 -ml-px border-transparent hover:border-slate-400 dark:hover:border-slate-500"
            href="/docs/creating-collections"
            onClick={[Function]}
            onMouseEnter={[Function]}
            onTouchStart={[Function]}
          >
            Collections
          </a>
        </li>
        <li>
          <a
            className="block border-l pl-4 -ml-px border-transparent hover:border-slate-400 dark:hover:border-slate-500"
            href="/docs/creating-content"
            onClick={[Function]}
            onMouseEnter={[Function]}
            onTouchStart={[Function]}
          >
            Posts
          </a>
        </li>
        <li>
          <a
            className="block border-l pl-4 -ml-px border-transparent hover:border-slate-400 dark:hover:border-slate-500"
            href="/docs/editor-menus"
            onClick={[Function]}
            onMouseEnter={[Function]}
            onTouchStart={[Function]}
          >
            Editor Menus
          </a>
        </li>
        <li>
          <a
            className="block border-l pl-4 -ml-px border-transparent hover:border-slate-400 dark:hover:border-slate-500"
            href="/docs/slash-commands"
            onClick={[Function]}
            onMouseEnter={[Function]}
            onTouchStart={[Function]}
          >
            Slash Commands
          </a>
        </li>
        <li>
          <a
            className="block border-l pl-4 -ml-px border-transparent hover:border-slate-400 dark:hover:border-slate-500"
            href="/docs/how-to-style-text"
            onClick={[Function]}
            onMouseEnter={[Function]}
            onTouchStart={[Function]}
          >
            Styling Text
          </a>
        </li>
        <li>
          <a
            className="block border-l pl-4 -ml-px border-transparent hover:border-slate-400 dark:hover:border-slate-500"
            href="/docs/adding-headings"
            onClick={[Function]}
            onMouseEnter={[Function]}
            onTouchStart={[Function]}
          >
            Headings
          </a>
        </li>
        <li>
          <a
            className="block border-l pl-4 -ml-px border-transparent hover:border-slate-400 dark:hover:border-slate-500"
            href="/docs/add-links-to-text"
            onClick={[Function]}
            onMouseEnter={[Function]}
            onTouchStart={[Function]}
          >
            Links
          </a>
        </li>
        <li>
          <a
            className="block border-l pl-4 -ml-px border-transparent hover:border-slate-400 dark:hover:border-slate-500"
            href="/docs/how-to-add-images"
            onClick={[Function]}
            onMouseEnter={[Function]}
            onTouchStart={[Function]}
          >
            Images
          </a>
        </li>
        <li>
          <a
            className="block border-l pl-4 -ml-px border-transparent hover:border-slate-400 dark:hover:border-slate-500"
            href="/docs/adding-lists"
            onClick={[Function]}
            onMouseEnter={[Function]}
            onTouchStart={[Function]}
          >
            Lists
          </a>
        </li>
        <li>
          <a
            className="block border-l pl-4 -ml-px border-transparent hover:border-slate-400 dark:hover:border-slate-500"
            href="/docs/adding-block-quotes"
            onClick={[Function]}
            onMouseEnter={[Function]}
            onTouchStart={[Function]}
          >
            Block Quotes
          </a>
        </li>
        <li>
          <a
            className="block border-l pl-4 -ml-px border-transparent hover:border-slate-400 dark:hover:border-slate-500"
            href="/docs/adding-code-blocks"
            onClick={[Function]}
            onMouseEnter={[Function]}
            onTouchStart={[Function]}
          >
            Code Blocks
          </a>
        </li>
        <li>
          <a
            className="block border-l pl-4 -ml-px border-transparent hover:border-slate-400 dark:hover:border-slate-500"
            href="/docs/adding-tables"
            onClick={[Function]}
            onMouseEnter={[Function]}
            onTouchStart={[Function]}
          >
            Tables
          </a>
        </li>
        <li>
          <a
            className="block border-l pl-4 -ml-px border-transparent hover:border-slate-400 dark:hover:border-slate-500"
            href="/docs/adding-columns"
            onClick={[Function]}
            onMouseEnter={[Function]}
            onTouchStart={[Function]}
          >
            Columns
          </a>
        </li>
        <li>
          <a
            className="block border-l pl-4 -ml-px border-transparent hover:border-slate-400 dark:hover:border-slate-500"
            href="/docs/horizontal-rules"
            onClick={[Function]}
            onMouseEnter={[Function]}
            onTouchStart={[Function]}
          >
            Horizontal Rules
          </a>
        </li>
        <li>
          <a
            className="block border-l pl-4 -ml-px border-transparent hover:border-slate-400 dark:hover:border-slate-500"
            href="/docs/youtube-videos"
            onClick={[Function]}
            onMouseEnter={[Function]}
            onTouchStart={[Function]}
          >
            YouTube Videos
          </a>
        </li>
      </ul>
    </li>
    <li
      className="mt-12 lg:mt-8"
    >
      <h5
        className="mb-8 lg:mb-3 font-semibold text-slate-900 dark:text-slate-200"
      >
        Features
      </h5>
      <ul
        className="space-y-6 lg:space-y-2 border-l border-slate-100 dark:border-slate-800"
      >
        <li>
          <a
            className="block border-l pl-4 -ml-px border-transparent hover:border-slate-400 dark:hover:border-slate-500"
            href="/docs/rich-snippets"
            onClick={[Function]}
            onMouseEnter={[Function]}
            onTouchStart={[Function]}
          >
            Rich Snippets
          </a>
        </li>
        <li>
          <a
            className="block border-l pl-4 -ml-px border-transparent hover:border-slate-400 dark:hover:border-slate-500"
            href="/docs/robots-txt"
            onClick={[Function]}
            onMouseEnter={[Function]}
            onTouchStart={[Function]}
          >
            Robots.txt
          </a>
        </li>
        <li>
          <a
            className="block border-l pl-4 -ml-px border-transparent hover:border-slate-400 dark:hover:border-slate-500"
            href="/docs/sitemaps"
            onClick={[Function]}
            onMouseEnter={[Function]}
            onTouchStart={[Function]}
          >
            Sitemaps
          </a>
        </li>
      </ul>
    </li>
    <li
      className="mt-12 lg:mt-8"
    >
      <h5
        className="mb-8 lg:mb-3 font-semibold text-slate-900 dark:text-slate-200"
      >
        Customization
      </h5>
      <ul
        className="space-y-6 lg:space-y-2 border-l border-slate-100 dark:border-slate-800"
      >
        <li>
          <a
            className="block border-l pl-4 -ml-px border-transparent hover:border-slate-400 dark:hover:border-slate-500"
            href="/docs/theme"
            onClick={[Function]}
            onMouseEnter={[Function]}
            onTouchStart={[Function]}
          >
            Theme
          </a>
        </li>
      </ul>
    </li>
    <li
      className="mt-12 lg:mt-8"
    >
      <h5
        className="mb-8 lg:mb-3 font-semibold text-slate-900 dark:text-slate-200"
      >
        Plugins
      </h5>
      <ul
        className="space-y-6 lg:space-y-2 border-l border-slate-100 dark:border-slate-800"
      >
        <li>
          <a
            className="block border-l pl-4 -ml-px border-transparent hover:border-slate-400 dark:hover:border-slate-500"
            href="/docs/convertkit"
            onClick={[Function]}
            onMouseEnter={[Function]}
            onTouchStart={[Function]}
          >
            ConvertKit
          </a>
        </li>
        <li>
          <a
            className="block border-l pl-4 -ml-px border-transparent hover:border-slate-400 dark:hover:border-slate-500"
            href="/docs/google-analytics"
            onClick={[Function]}
            onMouseEnter={[Function]}
            onTouchStart={[Function]}
          >
            Google Analytics
          </a>
        </li>
      </ul>
    </li>
    <li
      className="mt-12 lg:mt-8"
    >
      <h5
        className="mb-8 lg:mb-3 font-semibold text-slate-900 dark:text-slate-200"
      >
        Contributing
      </h5>
      <ul
        className="space-y-6 lg:space-y-2 border-l border-slate-100 dark:border-slate-800"
      >
        <li>
          <a
            className="block border-l pl-4 -ml-px border-transparent hover:border-slate-400 dark:hover:border-slate-500"
            href="/docs/contribution-guide"
            onClick={[Function]}
            onMouseEnter={[Function]}
            onTouchStart={[Function]}
          >
            Contribute to Elegant
          </a>
        </li>
        <li>
          <a
            className="block border-l pl-4 -ml-px border-transparent hover:border-slate-400 dark:hover:border-slate-500"
            href="/docs/development-tools"
            onClick={[Function]}
            onMouseEnter={[Function]}
            onTouchStart={[Function]}
          >
            Development Tools
          </a>
        </li>
      </ul>
    </li>
    <li
      className="mt-12 lg:mt-8"
    >
      <h5
        className="mb-8 lg:mb-3 font-semibold text-slate-900 dark:text-slate-200"
      >
        Resources
      </h5>
      <ul
        className="space-y-6 lg:space-y-2 border-l border-slate-100 dark:border-slate-800"
      >
        <li>
          <a
            className="block border-l pl-4 -ml-px border-transparent hover:border-slate-400 dark:hover:border-slate-500"
            href="/docs/elegant-community"
            onClick={[Function]}
            onMouseEnter={[Function]}
            onTouchStart={[Function]}
          >
            Elegant Community
          </a>
        </li>
        <li>
          <a
            className="block border-l pl-4 -ml-px border-transparent hover:border-slate-400 dark:hover:border-slate-500"
            href="/docs/credits"
            onClick={[Function]}
            onMouseEnter={[Function]}
            onTouchStart={[Function]}
          >
            Credits
          </a>
        </li>
      </ul>
    </li>
  </ul>
</nav>
`;
